// Vitest Snapshot v1

exports[`rpx-tranform > taroH5_375 1`] = `
"/* layer: preflights */
*,::before,::after{--un-rotate:0;--un-rotate-x:0;--un-rotate-y:0;--un-rotate-z:0;--un-scale-x:1;--un-scale-y:1;--un-scale-z:1;--un-skew-x:0;--un-skew-y:0;--un-translate-x:0;--un-translate-y:0;--un-translate-z:0;--un-ring-offset-shadow:0 0 rgba(0,0,0,0);--un-ring-shadow:0 0 rgba(0,0,0,0);--un-shadow-inset:var(--un-empty,/*!*/ /*!*/);--un-shadow:0 0 rgba(0,0,0,0);--un-ring-inset:var(--un-empty,/*!*/ /*!*/);--un-ring-offset-width:0px;--un-ring-offset-color:#fff;--un-ring-width:0px;--un-ring-color:rgba(147,197,253,0.5);}::backdrop{--un-rotate:0;--un-rotate-x:0;--un-rotate-y:0;--un-rotate-z:0;--un-scale-x:1;--un-scale-y:1;--un-scale-z:1;--un-skew-x:0;--un-skew-y:0;--un-translate-x:0;--un-translate-y:0;--un-translate-z:0;--un-ring-offset-shadow:0 0 rgba(0,0,0,0);--un-ring-shadow:0 0 rgba(0,0,0,0);--un-shadow-inset:var(--un-empty,/*!*/ /*!*/);--un-shadow:0 0 rgba(0,0,0,0);--un-ring-inset:var(--un-empty,/*!*/ /*!*/);--un-ring-offset-width:0px;--un-ring-offset-color:#fff;--un-ring-width:0px;--un-ring-color:rgba(147,197,253,0.5);}
/* layer: default */
.m-6{margin:1.024rem;}
.text-base{font-size:0.6827rem;line-height:1.024rem;}
.w-100,
.w-100rpx{width:2.1334rem;}
.w-100px{width:4.2667rem;}"
`;

exports[`rpx-tranform > taroH5_750 1`] = `
"/* layer: preflights */
*,::before,::after{--un-rotate:0;--un-rotate-x:0;--un-rotate-y:0;--un-rotate-z:0;--un-scale-x:1;--un-scale-y:1;--un-scale-z:1;--un-skew-x:0;--un-skew-y:0;--un-translate-x:0;--un-translate-y:0;--un-translate-z:0;--un-ring-offset-shadow:0 0 rgba(0,0,0,0);--un-ring-shadow:0 0 rgba(0,0,0,0);--un-shadow-inset:var(--un-empty,/*!*/ /*!*/);--un-shadow:0 0 rgba(0,0,0,0);--un-ring-inset:var(--un-empty,/*!*/ /*!*/);--un-ring-offset-width:0px;--un-ring-offset-color:#fff;--un-ring-width:0px;--un-ring-color:rgba(147,197,253,0.5);}::backdrop{--un-rotate:0;--un-rotate-x:0;--un-rotate-y:0;--un-rotate-z:0;--un-scale-x:1;--un-scale-y:1;--un-scale-z:1;--un-skew-x:0;--un-skew-y:0;--un-translate-x:0;--un-translate-y:0;--un-translate-z:0;--un-ring-offset-shadow:0 0 rgba(0,0,0,0);--un-ring-shadow:0 0 rgba(0,0,0,0);--un-shadow-inset:var(--un-empty,/*!*/ /*!*/);--un-shadow:0 0 rgba(0,0,0,0);--un-ring-inset:var(--un-empty,/*!*/ /*!*/);--un-ring-offset-width:0px;--un-ring-offset-color:#fff;--un-ring-width:0px;--un-ring-color:rgba(147,197,253,0.5);}
/* layer: default */
.m-6{margin:1.024rem;}
.text-base{font-size:0.6827rem;line-height:1.024rem;}
.w-100,
.w-100px,
.w-100rpx{width:2.1334rem;}"
`;

exports[`rpx-tranform > taroWe_375 1`] = `
"/* layer: preflights */
page,::before,::after{--un-rotate:0;--un-rotate-x:0;--un-rotate-y:0;--un-rotate-z:0;--un-scale-x:1;--un-scale-y:1;--un-scale-z:1;--un-skew-x:0;--un-skew-y:0;--un-translate-x:0;--un-translate-y:0;--un-translate-z:0;--un-ring-offset-shadow:0 0 rgba(0,0,0,0);--un-ring-shadow:0 0 rgba(0,0,0,0);--un-shadow-inset:var(--un-empty,/*!*/ /*!*/);--un-shadow:0 0 rgba(0,0,0,0);--un-ring-inset:var(--un-empty,/*!*/ /*!*/);--un-ring-offset-width:0px;--un-ring-offset-color:#fff;--un-ring-width:0px;--un-ring-color:rgba(147,197,253,0.5);}::backdrop{--un-rotate:0;--un-rotate-x:0;--un-rotate-y:0;--un-rotate-z:0;--un-scale-x:1;--un-scale-y:1;--un-scale-z:1;--un-skew-x:0;--un-skew-y:0;--un-translate-x:0;--un-translate-y:0;--un-translate-z:0;--un-ring-offset-shadow:0 0 rgba(0,0,0,0);--un-ring-shadow:0 0 rgba(0,0,0,0);--un-shadow-inset:var(--un-empty,/*!*/ /*!*/);--un-shadow:0 0 rgba(0,0,0,0);--un-ring-inset:var(--un-empty,/*!*/ /*!*/);--un-ring-offset-width:0px;--un-ring-offset-color:#fff;--un-ring-width:0px;--un-ring-color:rgba(147,197,253,0.5);}
/* layer: default */
.m-6{margin:48rpx;}
.text-base{font-size:32rpx;line-height:48rpx;}
.w-100,
.w-100rpx{width:100rpx;}
.w-100px{width:200rpx;}"
`;

exports[`rpx-tranform > taroWe_750 1`] = `
"/* layer: preflights */
page,::before,::after{--un-rotate:0;--un-rotate-x:0;--un-rotate-y:0;--un-rotate-z:0;--un-scale-x:1;--un-scale-y:1;--un-scale-z:1;--un-skew-x:0;--un-skew-y:0;--un-translate-x:0;--un-translate-y:0;--un-translate-z:0;--un-ring-offset-shadow:0 0 rgba(0,0,0,0);--un-ring-shadow:0 0 rgba(0,0,0,0);--un-shadow-inset:var(--un-empty,/*!*/ /*!*/);--un-shadow:0 0 rgba(0,0,0,0);--un-ring-inset:var(--un-empty,/*!*/ /*!*/);--un-ring-offset-width:0px;--un-ring-offset-color:#fff;--un-ring-width:0px;--un-ring-color:rgba(147,197,253,0.5);}::backdrop{--un-rotate:0;--un-rotate-x:0;--un-rotate-y:0;--un-rotate-z:0;--un-scale-x:1;--un-scale-y:1;--un-scale-z:1;--un-skew-x:0;--un-skew-y:0;--un-translate-x:0;--un-translate-y:0;--un-translate-z:0;--un-ring-offset-shadow:0 0 rgba(0,0,0,0);--un-ring-shadow:0 0 rgba(0,0,0,0);--un-shadow-inset:var(--un-empty,/*!*/ /*!*/);--un-shadow:0 0 rgba(0,0,0,0);--un-ring-inset:var(--un-empty,/*!*/ /*!*/);--un-ring-offset-width:0px;--un-ring-offset-color:#fff;--un-ring-width:0px;--un-ring-color:rgba(147,197,253,0.5);}
/* layer: default */
.m-6{margin:48rpx;}
.text-base{font-size:32rpx;line-height:48rpx;}
.w-100,
.w-100px,
.w-100rpx{width:100rpx;}"
`;

exports[`rpx-tranform > uniapp_750 1`] = `
"/* layer: preflights */
uni-page-body,::before,::after{--un-rotate:0;--un-rotate-x:0;--un-rotate-y:0;--un-rotate-z:0;--un-scale-x:1;--un-scale-y:1;--un-scale-z:1;--un-skew-x:0;--un-skew-y:0;--un-translate-x:0;--un-translate-y:0;--un-translate-z:0;--un-ring-offset-shadow:0 0 rgba(0,0,0,0);--un-ring-shadow:0 0 rgba(0,0,0,0);--un-shadow-inset:var(--un-empty,/*!*/ /*!*/);--un-shadow:0 0 rgba(0,0,0,0);--un-ring-inset:var(--un-empty,/*!*/ /*!*/);--un-ring-offset-width:0px;--un-ring-offset-color:#fff;--un-ring-width:0px;--un-ring-color:rgba(147,197,253,0.5);}::backdrop{--un-rotate:0;--un-rotate-x:0;--un-rotate-y:0;--un-rotate-z:0;--un-scale-x:1;--un-scale-y:1;--un-scale-z:1;--un-skew-x:0;--un-skew-y:0;--un-translate-x:0;--un-translate-y:0;--un-translate-z:0;--un-ring-offset-shadow:0 0 rgba(0,0,0,0);--un-ring-shadow:0 0 rgba(0,0,0,0);--un-shadow-inset:var(--un-empty,/*!*/ /*!*/);--un-shadow:0 0 rgba(0,0,0,0);--un-ring-inset:var(--un-empty,/*!*/ /*!*/);--un-ring-offset-width:0px;--un-ring-offset-color:#fff;--un-ring-width:0px;--un-ring-color:rgba(147,197,253,0.5);}
/* layer: default */
.m-6{margin:%?48?%;}
.text-base{font-size:%?32?%;line-height:%?48?%;}
.w-100,
.w-100rpx{width:%?100?%;}
.w-100px{width:100px;}"
`;
